
> frontend@0.0.0 test
> vitest run --reporter=verbose


[7m[1m[36m RUN [39m[22m[27m [36mv1.6.1[39m [90mC:/Users/etern/code/python-agents/frontend[39m

npm : [90mstderr[2m 
| src/components/Docum
entListView.test.jsx[
2m > [22m[2mDocument
ListView[2m > 
[22m[2mrenders list 
of documents 
(filenames)[22m[39m
At line:1 char:1
+ npm test -- run 
--reporter=verbose > 
test_output.txt 2>&1
+ ~~~~~~~~~~~~~~~~~~~~
~~~~~~~~~~~~~~~~~~~~~~
~~~~~~~~~~~~~~~
    + CategoryInfo    
          : NotSpeci  
  fied: ([90mstder   
 r[2m...ames)[22    
m[39m:String) []    
, RemoteException
    + FullyQualifiedE 
   rrorId : NativeCo  
  mmandError
 
In HTML, <button> 
cannot be a 
descendant of 
<button>.
This will cause a 
hydration error.

  ...
    <MuiAccordionDetai
ls-root className="Mui
Accordi..." 
ref={null} ownerState=
{{children:[...]}}>
      <Insertion>
      <div className="
MuiAccordi...">
        <Accordion 
variant="outlined" 
sx={{mb:1}}>
          
<MuiAccordion-root 
square={false} 
variant="outlined" 
sx={{mb:1}} className=
"MuiAccordi..." 
ref={null} ...>
            
<Insertion>
            <Paper 
square={false} 
variant="outlined" cla
ssName="MuiAccordi..."
>
              
<MuiPaper-root 
as="div" ownerState={{
square:false, ...}} cl
assName="MuiPaper-r...
" ref={null} 
style={{}}>
                
<Insertion>
                <div c
lassName="MuiPaper-r..
." style={{}}>
                  
<MuiAccordion-heading 
className="MuiAccordi.
.." ref={null} ownerSt
ate={{variant:"o...", 
...}}>
                    
<Insertion>
                    
<h3 className="MuiAcco
rdi...">
                      
<AccordionSummary expa
ndIcon={<ForwardRef(Ex
pandMoreIcon)>} classN
ame="custom-acc...">
                      
  <MuiAccordionSummary
-root 
onClick={function 
onClick} 
focusRipple={false} 
disableRipple={true} 
...>
                      
    <Insertion>
                      
    <ButtonBase 
onClick={function 
onClick} 
focusRipple={false} 
disableRipple={true} 
...>
                      
      
<MuiButtonBase-root 
as="button" className=
"MuiButtonB..." 
ownerState={{...}} 
...>
                      
        <Insertion>
>                     
        <button
>                     
          className="M
uiButtonBase-root MuiA
ccordionSummary-root M
uiAccordionSummary-gut
ters cus..."
>                     
          
onBlur={function}
>                     
          
onClick={function 
onClick}
>                     
          onContextMen
u={function}
>                     
          
onFocus={function}
>                     
          
onKeyDown={function}
>                     
          
onKeyUp={function}
>                     
          
onMouseDown={function}
>                     
          onMouseLeave
={function}
>                     
          
onMouseUp={function}
>                     
          
onDragLeave={function}
>                     
          
onTouchEnd={function}
>                     
          
onTouchMove={function}
>                     
          onTouchStart
={function}
>                     
          tabIndex={0}
>                     
          
type="button"
>                     
          
disabled={false}
>                     
          
aria-expanded={false}
>                     
          
ref={function}
>                     
        >
                      
          ...
                      
            
<MuiButton-root ownerS
tate={{variant:"o...",
 ...}} className="MuiB
utton-..." ...>
                      
              
<Insertion>
                      
              
<ButtonBase className=
"MuiButton-..." 
component="button" 
disabled={null} ...>
                      
                
<MuiButtonBase-root 
as="button" className=
"MuiButtonB..." 
ownerState={{...}} 
...>
                      
                  
<Insertion>
>                     
                  
<button
>                     
                    cl
assName="MuiButtonBase
-root MuiButton-root 
MuiButton-outlined 
MuiButton-ou..."
>                     
                    
onBlur={function}
>                     
                    
onClick={function 
onClick}
>                     
                    on
ContextMenu={function}
>                     
                    
onFocus={function}
>                     
                    
onKeyDown={function}
>                     
                    
onKeyUp={function}
>                     
                    
onMouseDown={function}
>                     
                    on
MouseLeave={function}
>                     
                    
onMouseUp={function}
>                     
                    
onDragLeave={function}
>                     
                    
onTouchEnd={function}
>                     
                    
onTouchMove={function}
>                     
                    on
TouchStart={function}
>                     
                    
tabIndex={0}
>                     
                    
type="button"
>                     
                    
disabled={null}
>                     
                    
id={undefined}
>                     
                    da
ta-testid="summarize-b
tn-/path/to/test1.txt"
>                     
                    
ref={function}
>                     
                  >
                  ...
        ...

<button> cannot 
contain a nested 
<button>.
See this log for the 
ancestor stack trace.

 [32mΓ£ô[39m src/components/DocumentListView.test.jsx[2m > [22mDocumentListView[2m > [22mrenders list of documents (filenames)
 [32mΓ£ô[39m src/components/DocumentListView.test.jsx[2m > [22mDocumentListView[2m > [22mrenders empty state correctly
 [32mΓ£ô[39m src/components/DocumentListView.test.jsx[2m > [22mDocumentListView[2m > [22mcalls onSummarize when Summarize button clicked
 [31m├ù[39m src/components/DocumentListView.test.jsx[2m > [22mDocumentListView[2m > [22mcalls onDelete when Delete button clicked
[31m   ΓåÆ expected "spy" to be called with arguments: [ '/path/to/test1.txt' ][90m

Received: 

[31m[90m

Number of calls: [1m0[22m
[31m[39m

[31mΓÄ»ΓÄ»ΓÄ»ΓÄ»ΓÄ»ΓÄ
»[1m[7m Failed 
Suites 2 [27m[22mΓÄ»
ΓÄ»ΓÄ»ΓÄ»ΓÄ»ΓÄ»ΓÄ»[39
m

[31m[1m[7m FAIL 
[27m[22m[39m 
src/App.test.jsx 
[2m[ 
src/App.test.jsx 
][22m
[31m[1mError[22m: 
EMFILE: too many open 
files, open 'C:\Users\
etern\code\python-agen
ts\frontend\node_modul
es\@mui\icons-material
\esm\ForkLeftTwoTone.j
s'[39m
[31m[2mΓÄ»ΓÄ»ΓÄ»ΓÄ»Γ
Ä»ΓÄ»ΓÄ»ΓÄ»ΓÄ»ΓÄ»ΓÄ»ΓÄ
»ΓÄ»ΓÄ»ΓÄ»ΓÄ»ΓÄ»ΓÄ»ΓÄ»
ΓÄ»ΓÄ»ΓÄ»ΓÄ»ΓÄ»ΓÄ»ΓÄ»Γ
Ä»ΓÄ»ΓÄ»ΓÄ»[22m[39m
[31m[1mSerialized 
Error:[22m[39m 
[90m{ errno: -4066, 
code: 'EMFILE', 
syscall: 'open', 
path: 'C:\Users\etern\
code\python-agents\fro
ntend\node_modules\@mu
i\icons-material\esm\F
orkLeftTwoTone.js' 
}[39m
[31m[2mΓÄ»ΓÄ»ΓÄ»ΓÄ»Γ
Ä»ΓÄ»ΓÄ»ΓÄ»ΓÄ»ΓÄ»ΓÄ»ΓÄ
»ΓÄ»ΓÄ»ΓÄ»ΓÄ»ΓÄ»ΓÄ»ΓÄ»
ΓÄ»ΓÄ»ΓÄ»ΓÄ»ΓÄ»[1/3]ΓÄ
»[22m[39m

[31m[1m[7m FAIL 
[27m[22m[39m src/co
mponents/NavBar.test.j
sx [2m[ src/component
s/NavBar.test.jsx 
][22m
[31m[1mError[22m: 
EMFILE: too many open 
files, open 'C:\Users\
etern\code\python-agen
ts\frontend\node_modul
es\@mui\icons-material
\esm\HdrAutoTwoTone.js
'[39m
[31m[2mΓÄ»ΓÄ»ΓÄ»ΓÄ»Γ
Ä»ΓÄ»ΓÄ»ΓÄ»ΓÄ»ΓÄ»ΓÄ»ΓÄ
»ΓÄ»ΓÄ»ΓÄ»ΓÄ»ΓÄ»ΓÄ»ΓÄ»
ΓÄ»ΓÄ»ΓÄ»ΓÄ»ΓÄ»ΓÄ»ΓÄ»Γ
Ä»ΓÄ»ΓÄ»ΓÄ»[22m[39m
[31m[1mSerialized 
Error:[22m[39m 
[90m{ errno: -4066, 
code: 'EMFILE', 
syscall: 'open', 
path: 'C:\Users\etern\
code\python-agents\fro
ntend\node_modules\@mu
i\icons-material\esm\H
drAutoTwoTone.js' 
}[39m
[31m[2mΓÄ»ΓÄ»ΓÄ»ΓÄ»Γ
Ä»ΓÄ»ΓÄ»ΓÄ»ΓÄ»ΓÄ»ΓÄ»ΓÄ
»ΓÄ»ΓÄ»ΓÄ»ΓÄ»ΓÄ»ΓÄ»ΓÄ»
ΓÄ»ΓÄ»ΓÄ»ΓÄ»ΓÄ»[2/3]ΓÄ
»[22m[39m

[31mΓÄ»ΓÄ»ΓÄ»ΓÄ»ΓÄ»ΓÄ
»ΓÄ»[1m[7m Failed 
Tests 1 [27m[22mΓÄ»Γ
Ä»ΓÄ»ΓÄ»ΓÄ»ΓÄ»ΓÄ»[39m

[31m[1m[7m FAIL 
[27m[22m[39m src/co
mponents/DocumentListV
iew.test.jsx[2m > [2
2mDocumentListView[2m
 > [22mcalls 
onDelete when Delete 
button clicked
[31m[1mAssertionErro
r[22m: expected 
"spy" to be called 
with arguments: [ 
'/path/to/test1.txt' 
][90m

Received: 

[31m[90m

Number of calls: 
[1m0[22m
[31m[39m
[36m [2mΓ¥»[22m src
/components/DocumentLi
stView.test.jsx:[2m57
:34[22m[39m
    [90m 55| [39m   
         [35mif[39m 
(actualDeleteBtn) {
    [90m 56| [39m   
             
[35mawait[39m user[
33m.[39m[34mclick[3
9m(actualDeleteBtn)[3
3m;[39m
    [90m 57| [39m   
             [34mexpe
ct[39m(onDelete)[33m
.[39m[34mtoHaveBeenC
alledWith[39m([32m'/
path/to/test1.[39mΓÇª
    [90m   | [39m   
                      
        [31m^[39m
    [90m 58| [39m   
         }
    [90m 59| [39m   
     }

[31m[2mΓÄ»ΓÄ»ΓÄ»ΓÄ»Γ
Ä»ΓÄ»ΓÄ»ΓÄ»ΓÄ»ΓÄ»ΓÄ»ΓÄ
»ΓÄ»ΓÄ»ΓÄ»ΓÄ»ΓÄ»ΓÄ»ΓÄ»
ΓÄ»ΓÄ»ΓÄ»ΓÄ»ΓÄ»[3/3]ΓÄ
»[22m[39m

[2m Test Files [22m [1m[31m3 failed[39m[22m[90m (3)[39m
[2m      Tests [22m [1m[31m1 failed[39m[22m[2m | [22m[1m[32m3 passed[39m[22m[90m (4)[39m
[2m   Start at [22m 17:29:57
[2m   Duration [22m 5.16s[2m (transform 220ms, setup 337ms, collect 1.33s, tests 728ms, environment 1.83s, prepare 536ms)[22m

